// Jest Snapshot v1, https://goo.gl/fbAQLP

exports[`Homepage matches snapshot 1`] = `
<DocumentFragment>
  <div
    class="MuiBox-root css-15em960"
  >
    <div
      class="MuiBox-root css-1cl7zdz"
    >
      <img
        alt="Inkling Logo"
        src="/logos/inkling_homepage_logo.png"
        style="max-width: 100%; max-height: 300px; height: auto; margin-bottom: 30px;"
      />
      <h5
        class="MuiTypography-root MuiTypography-h5 css-1wrm3bs-MuiTypography-root"
      >
        Capture Your Thoughts, 
        <br />
        Discover Your Insights
      </h5>
      <div
        class="MuiBox-root css-74kdtm"
      >
        <a
          class="MuiButtonBase-root MuiButton-root MuiButton-contained MuiButton-containedPrimary MuiButton-sizeMedium MuiButton-containedSizeMedium MuiButton-root MuiButton-contained MuiButton-containedPrimary MuiButton-sizeMedium MuiButton-containedSizeMedium css-sghohy-MuiButtonBase-root-MuiButton-root"
          href="/signup"
          tabindex="0"
        >
          Sign Up
          <span
            class="MuiTouchRipple-root css-8je8zh-MuiTouchRipple-root"
          />
        </a>
        <a
          class="MuiButtonBase-root MuiButton-root MuiButton-contained MuiButton-containedSecondary MuiButton-sizeMedium MuiButton-containedSizeMedium MuiButton-root MuiButton-contained MuiButton-containedSecondary MuiButton-sizeMedium MuiButton-containedSizeMedium css-zcbmsk-MuiButtonBase-root-MuiButton-root"
          href="/login"
          tabindex="0"
        >
          Log In
          <span
            class="MuiTouchRipple-root css-8je8zh-MuiTouchRipple-root"
          />
        </a>
      </div>
    </div>
  </div>
</DocumentFragment>
`;
