// Jest Snapshot v1, https://goo.gl/fbAQLP

exports[`Homepage matches snapshot 1`] = `
<DocumentFragment>
  <div
    class="container"
  >
    <p>
      User: testfirst
    </p>
    <h1
      class="mt-5"
    >
      Inkling
    </h1>
    <p
      class="lead"
    >
      A cool slogan here
    </p>
    <div
      class="d-flex justify-content-center"
    >
      <a
        class="mr-3 btn btn-primary"
        href="/signup"
      >
        Sign Up
      </a>
      <a
        class="btn btn-secondary"
        href="/login"
      >
        Log In
      </a>
    </div>
  </div>
</DocumentFragment>
`;
