// Jest Snapshot v1, https://goo.gl/fbAQLP

exports[`StreakDisplay matches snapshot 1`] = `
<DocumentFragment>
  <div
    class="streak-container"
  >
    <a
      class="day-link "
      href="/journal/2023-10-01"
    >
      Sun
      <br />
      01
    </a>
    <a
      class="day-link "
      href="/journal/2023-10-02"
    >
      Mon
      <br />
      02
    </a>
    <a
      class="day-link "
      href="/journal/2023-10-03"
    >
      Tue
      <br />
      03
    </a>
    <a
      class="day-link "
      href="/journal/2023-10-04"
    >
      Wed
      <br />
      04
    </a>
    <a
      class="day-link "
      href="/journal/2023-10-05"
    >
      Thu
      <br />
      05
    </a>
    <a
      class="day-link "
      href="/journal/2023-10-06"
    >
      Fri
      <br />
      06
    </a>
    <a
      class="day-link "
      href="/journal/2023-10-07"
    >
      Sat
      <br />
      07
    </a>
    <a
      class="day-link "
      href="/journal/2023-10-08"
    >
      Sun
      <br />
      08
    </a>
    <a
      class="day-link "
      href="/journal/2023-10-09"
    >
      Mon
      <br />
      09
    </a>
    <a
      class="day-link "
      href="/journal/2023-10-10"
    >
      Tue
      <br />
      10
    </a>
    <a
      class="day-link "
      href="/journal/2023-10-11"
    >
      Wed
      <br />
      11
    </a>
    <a
      class="day-link "
      href="/journal/2023-10-12"
    >
      Thu
      <br />
      12
    </a>
    <a
      class="day-link "
      href="/journal/2023-10-13"
    >
      Fri
      <br />
      13
    </a>
    <a
      class="day-link "
      href="/journal/2023-10-14"
    >
      Sat
      <br />
      14
    </a>
    <a
      class="day-link "
      href="/journal/2023-10-15"
    >
      Sun
      <br />
      15
    </a>
    <a
      class="day-link "
      href="/journal/2023-10-16"
    >
      Mon
      <br />
      16
    </a>
    <a
      class="day-link "
      href="/journal/2023-10-17"
    >
      Tue
      <br />
      17
    </a>
    <a
      class="day-link "
      href="/journal/2023-10-18"
    >
      Wed
      <br />
      18
    </a>
    <a
      class="day-link "
      href="/journal/2023-10-19"
    >
      Thu
      <br />
      19
    </a>
    <a
      class="day-link "
      href="/journal/2023-10-20"
    >
      Fri
      <br />
      20
    </a>
    <a
      class="day-link "
      href="/journal/2023-10-21"
    >
      Sat
      <br />
      21
    </a>
    <a
      class="day-link "
      href="/journal/2023-10-22"
    >
      Sun
      <br />
      22
    </a>
    <a
      class="day-link "
      href="/journal/2023-10-23"
    >
      Mon
      <br />
      23
    </a>
    <a
      class="day-link "
      href="/journal/2023-10-24"
    >
      Tue
      <br />
      24
    </a>
    <a
      class="day-link "
      href="/journal/2023-10-25"
    >
      Wed
      <br />
      25
    </a>
    <a
      class="day-link "
      href="/journal/2023-10-26"
    >
      Thu
      <br />
      26
    </a>
    <a
      class="day-link "
      href="/journal/2023-10-27"
    >
      Fri
      <br />
      27
    </a>
    <a
      class="day-link "
      href="/journal/2023-10-28"
    >
      Sat
      <br />
      28
    </a>
    <a
      class="day-link "
      href="/journal/2023-10-29"
    >
      Sun
      <br />
      29
    </a>
    <a
      class="day-link "
      href="/journal/2023-10-30"
    >
      Mon
      <br />
      30
    </a>
    <a
      class="day-link active"
      href="/journal/2023-10-31"
    >
      Tue
      <br />
      31
    </a>
  </div>
</DocumentFragment>
`;
