// Jest Snapshot v1, https://goo.gl/fbAQLP

exports[`StreakDisplay matches snapshot 1`] = `
<DocumentFragment>
  <div
    style="display: flex; overflow-x: auto; gap: 20px; padding: 10px 0px;"
  >
    <a
      href="/journal/2023-11-08"
      style="text-decoration: none; box-shadow: none; background-color: inherit;"
    >
      <button
        class="MuiButtonBase-root MuiButton-root MuiButton-contained MuiButton-containedPrimary MuiButton-sizeMedium MuiButton-containedSizeMedium MuiButton-root MuiButton-contained MuiButton-containedPrimary MuiButton-sizeMedium MuiButton-containedSizeMedium day-button inactive-day css-1qgflze-MuiButtonBase-root-MuiButton-root"
        tabindex="0"
        type="button"
      >
        <span
          class="MuiTypography-root MuiTypography-caption css-1sn4lm3-MuiTypography-root"
        >
          Wed
        </span>
        <h6
          class="MuiTypography-root MuiTypography-h6 css-2ulfj5-MuiTypography-root"
        >
          08
        </h6>
        <span
          class="MuiTouchRipple-root css-8je8zh-MuiTouchRipple-root"
        />
      </button>
    </a>
    <a
      href="/journal/2023-11-09"
      style="text-decoration: none; box-shadow: none; background-color: inherit;"
    >
      <button
        class="MuiButtonBase-root MuiButton-root MuiButton-contained MuiButton-containedPrimary MuiButton-sizeMedium MuiButton-containedSizeMedium MuiButton-root MuiButton-contained MuiButton-containedPrimary MuiButton-sizeMedium MuiButton-containedSizeMedium day-button inactive-day css-1qgflze-MuiButtonBase-root-MuiButton-root"
        tabindex="0"
        type="button"
      >
        <span
          class="MuiTypography-root MuiTypography-caption css-1sn4lm3-MuiTypography-root"
        >
          Thu
        </span>
        <h6
          class="MuiTypography-root MuiTypography-h6 css-2ulfj5-MuiTypography-root"
        >
          09
        </h6>
        <span
          class="MuiTouchRipple-root css-8je8zh-MuiTouchRipple-root"
        />
      </button>
    </a>
    <a
      href="/journal/2023-11-10"
      style="text-decoration: none; box-shadow: none; background-color: inherit;"
    >
      <button
        class="MuiButtonBase-root MuiButton-root MuiButton-contained MuiButton-containedPrimary MuiButton-sizeMedium MuiButton-containedSizeMedium MuiButton-root MuiButton-contained MuiButton-containedPrimary MuiButton-sizeMedium MuiButton-containedSizeMedium day-button inactive-day css-1qgflze-MuiButtonBase-root-MuiButton-root"
        tabindex="0"
        type="button"
      >
        <span
          class="MuiTypography-root MuiTypography-caption css-1sn4lm3-MuiTypography-root"
        >
          Fri
        </span>
        <h6
          class="MuiTypography-root MuiTypography-h6 css-2ulfj5-MuiTypography-root"
        >
          10
        </h6>
        <span
          class="MuiTouchRipple-root css-8je8zh-MuiTouchRipple-root"
        />
      </button>
    </a>
    <a
      href="/journal/2023-11-11"
      style="text-decoration: none; box-shadow: none; background-color: inherit;"
    >
      <button
        class="MuiButtonBase-root MuiButton-root MuiButton-contained MuiButton-containedPrimary MuiButton-sizeMedium MuiButton-containedSizeMedium MuiButton-root MuiButton-contained MuiButton-containedPrimary MuiButton-sizeMedium MuiButton-containedSizeMedium day-button inactive-day css-1qgflze-MuiButtonBase-root-MuiButton-root"
        tabindex="0"
        type="button"
      >
        <span
          class="MuiTypography-root MuiTypography-caption css-1sn4lm3-MuiTypography-root"
        >
          Sat
        </span>
        <h6
          class="MuiTypography-root MuiTypography-h6 css-2ulfj5-MuiTypography-root"
        >
          11
        </h6>
        <span
          class="MuiTouchRipple-root css-8je8zh-MuiTouchRipple-root"
        />
      </button>
    </a>
    <a
      href="/journal/2023-11-12"
      style="text-decoration: none; box-shadow: none; background-color: inherit;"
    >
      <button
        class="MuiButtonBase-root MuiButton-root MuiButton-contained MuiButton-containedPrimary MuiButton-sizeMedium MuiButton-containedSizeMedium MuiButton-root MuiButton-contained MuiButton-containedPrimary MuiButton-sizeMedium MuiButton-containedSizeMedium day-button inactive-day css-1qgflze-MuiButtonBase-root-MuiButton-root"
        tabindex="0"
        type="button"
      >
        <span
          class="MuiTypography-root MuiTypography-caption css-1sn4lm3-MuiTypography-root"
        >
          Sun
        </span>
        <h6
          class="MuiTypography-root MuiTypography-h6 css-2ulfj5-MuiTypography-root"
        >
          12
        </h6>
        <span
          class="MuiTouchRipple-root css-8je8zh-MuiTouchRipple-root"
        />
      </button>
    </a>
    <a
      href="/journal/2023-11-13"
      style="text-decoration: none; box-shadow: none; background-color: inherit;"
    >
      <button
        class="MuiButtonBase-root MuiButton-root MuiButton-contained MuiButton-containedPrimary MuiButton-sizeMedium MuiButton-containedSizeMedium MuiButton-root MuiButton-contained MuiButton-containedPrimary MuiButton-sizeMedium MuiButton-containedSizeMedium day-button inactive-day css-1qgflze-MuiButtonBase-root-MuiButton-root"
        tabindex="0"
        type="button"
      >
        <span
          class="MuiTypography-root MuiTypography-caption css-1sn4lm3-MuiTypography-root"
        >
          Mon
        </span>
        <h6
          class="MuiTypography-root MuiTypography-h6 css-2ulfj5-MuiTypography-root"
        >
          13
        </h6>
        <span
          class="MuiTouchRipple-root css-8je8zh-MuiTouchRipple-root"
        />
      </button>
    </a>
    <a
      href="/journal/2023-11-14"
      style="text-decoration: none; box-shadow: none; background-color: inherit;"
    >
      <button
        class="MuiButtonBase-root MuiButton-root MuiButton-contained MuiButton-containedPrimary MuiButton-sizeMedium MuiButton-containedSizeMedium MuiButton-root MuiButton-contained MuiButton-containedPrimary MuiButton-sizeMedium MuiButton-containedSizeMedium day-button inactive-day css-1qgflze-MuiButtonBase-root-MuiButton-root"
        tabindex="0"
        type="button"
      >
        <span
          class="MuiTypography-root MuiTypography-caption css-1sn4lm3-MuiTypography-root"
        >
          Tue
        </span>
        <h6
          class="MuiTypography-root MuiTypography-h6 css-2ulfj5-MuiTypography-root"
        >
          14
        </h6>
        <span
          class="MuiTouchRipple-root css-8je8zh-MuiTouchRipple-root"
        />
      </button>
    </a>
    <a
      href="/journal/2023-11-15"
      style="text-decoration: none; box-shadow: none; background-color: inherit;"
    >
      <button
        class="MuiButtonBase-root MuiButton-root MuiButton-contained MuiButton-containedPrimary MuiButton-sizeMedium MuiButton-containedSizeMedium MuiButton-root MuiButton-contained MuiButton-containedPrimary MuiButton-sizeMedium MuiButton-containedSizeMedium day-button inactive-day css-1qgflze-MuiButtonBase-root-MuiButton-root"
        tabindex="0"
        type="button"
      >
        <span
          class="MuiTypography-root MuiTypography-caption css-1sn4lm3-MuiTypography-root"
        >
          Wed
        </span>
        <h6
          class="MuiTypography-root MuiTypography-h6 css-2ulfj5-MuiTypography-root"
        >
          15
        </h6>
        <span
          class="MuiTouchRipple-root css-8je8zh-MuiTouchRipple-root"
        />
      </button>
    </a>
    <a
      href="/journal/2023-11-16"
      style="text-decoration: none; box-shadow: none; background-color: inherit;"
    >
      <button
        class="MuiButtonBase-root MuiButton-root MuiButton-contained MuiButton-containedPrimary MuiButton-sizeMedium MuiButton-containedSizeMedium MuiButton-root MuiButton-contained MuiButton-containedPrimary MuiButton-sizeMedium MuiButton-containedSizeMedium day-button inactive-day css-1qgflze-MuiButtonBase-root-MuiButton-root"
        tabindex="0"
        type="button"
      >
        <span
          class="MuiTypography-root MuiTypography-caption css-1sn4lm3-MuiTypography-root"
        >
          Thu
        </span>
        <h6
          class="MuiTypography-root MuiTypography-h6 css-2ulfj5-MuiTypography-root"
        >
          16
        </h6>
        <span
          class="MuiTouchRipple-root css-8je8zh-MuiTouchRipple-root"
        />
      </button>
    </a>
    <a
      href="/journal/2023-11-17"
      style="text-decoration: none; box-shadow: none; background-color: inherit;"
    >
      <button
        class="MuiButtonBase-root MuiButton-root MuiButton-contained MuiButton-containedPrimary MuiButton-sizeMedium MuiButton-containedSizeMedium MuiButton-root MuiButton-contained MuiButton-containedPrimary MuiButton-sizeMedium MuiButton-containedSizeMedium day-button inactive-day css-1qgflze-MuiButtonBase-root-MuiButton-root"
        tabindex="0"
        type="button"
      >
        <span
          class="MuiTypography-root MuiTypography-caption css-1sn4lm3-MuiTypography-root"
        >
          Fri
        </span>
        <h6
          class="MuiTypography-root MuiTypography-h6 css-2ulfj5-MuiTypography-root"
        >
          17
        </h6>
        <span
          class="MuiTouchRipple-root css-8je8zh-MuiTouchRipple-root"
        />
      </button>
    </a>
    <a
      href="/journal/2023-11-18"
      style="text-decoration: none; box-shadow: none; background-color: inherit;"
    >
      <button
        class="MuiButtonBase-root MuiButton-root MuiButton-contained MuiButton-containedPrimary MuiButton-sizeMedium MuiButton-containedSizeMedium MuiButton-root MuiButton-contained MuiButton-containedPrimary MuiButton-sizeMedium MuiButton-containedSizeMedium day-button inactive-day css-1qgflze-MuiButtonBase-root-MuiButton-root"
        tabindex="0"
        type="button"
      >
        <span
          class="MuiTypography-root MuiTypography-caption css-1sn4lm3-MuiTypography-root"
        >
          Sat
        </span>
        <h6
          class="MuiTypography-root MuiTypography-h6 css-2ulfj5-MuiTypography-root"
        >
          18
        </h6>
        <span
          class="MuiTouchRipple-root css-8je8zh-MuiTouchRipple-root"
        />
      </button>
    </a>
    <a
      href="/journal/2023-11-19"
      style="text-decoration: none; box-shadow: none; background-color: inherit;"
    >
      <button
        class="MuiButtonBase-root MuiButton-root MuiButton-contained MuiButton-containedPrimary MuiButton-sizeMedium MuiButton-containedSizeMedium MuiButton-root MuiButton-contained MuiButton-containedPrimary MuiButton-sizeMedium MuiButton-containedSizeMedium day-button inactive-day css-1qgflze-MuiButtonBase-root-MuiButton-root"
        tabindex="0"
        type="button"
      >
        <span
          class="MuiTypography-root MuiTypography-caption css-1sn4lm3-MuiTypography-root"
        >
          Sun
        </span>
        <h6
          class="MuiTypography-root MuiTypography-h6 css-2ulfj5-MuiTypography-root"
        >
          19
        </h6>
        <span
          class="MuiTouchRipple-root css-8je8zh-MuiTouchRipple-root"
        />
      </button>
    </a>
    <a
      href="/journal/2023-11-20"
      style="text-decoration: none; box-shadow: none; background-color: inherit;"
    >
      <button
        class="MuiButtonBase-root MuiButton-root MuiButton-contained MuiButton-containedPrimary MuiButton-sizeMedium MuiButton-containedSizeMedium MuiButton-root MuiButton-contained MuiButton-containedPrimary MuiButton-sizeMedium MuiButton-containedSizeMedium day-button inactive-day css-1qgflze-MuiButtonBase-root-MuiButton-root"
        tabindex="0"
        type="button"
      >
        <span
          class="MuiTypography-root MuiTypography-caption css-1sn4lm3-MuiTypography-root"
        >
          Mon
        </span>
        <h6
          class="MuiTypography-root MuiTypography-h6 css-2ulfj5-MuiTypography-root"
        >
          20
        </h6>
        <span
          class="MuiTouchRipple-root css-8je8zh-MuiTouchRipple-root"
        />
      </button>
    </a>
    <a
      href="/journal/2023-11-21"
      style="text-decoration: none; box-shadow: none; background-color: inherit;"
    >
      <button
        class="MuiButtonBase-root MuiButton-root MuiButton-contained MuiButton-containedPrimary MuiButton-sizeMedium MuiButton-containedSizeMedium MuiButton-root MuiButton-contained MuiButton-containedPrimary MuiButton-sizeMedium MuiButton-containedSizeMedium day-button inactive-day css-1qgflze-MuiButtonBase-root-MuiButton-root"
        tabindex="0"
        type="button"
      >
        <span
          class="MuiTypography-root MuiTypography-caption css-1sn4lm3-MuiTypography-root"
        >
          Tue
        </span>
        <h6
          class="MuiTypography-root MuiTypography-h6 css-2ulfj5-MuiTypography-root"
        >
          21
        </h6>
        <span
          class="MuiTouchRipple-root css-8je8zh-MuiTouchRipple-root"
        />
      </button>
    </a>
    <a
      href="/journal/2023-11-22"
      style="text-decoration: none; box-shadow: none; background-color: inherit;"
    >
      <button
        class="MuiButtonBase-root MuiButton-root MuiButton-contained MuiButton-containedPrimary MuiButton-sizeMedium MuiButton-containedSizeMedium MuiButton-root MuiButton-contained MuiButton-containedPrimary MuiButton-sizeMedium MuiButton-containedSizeMedium day-button inactive-day css-1qgflze-MuiButtonBase-root-MuiButton-root"
        tabindex="0"
        type="button"
      >
        <span
          class="MuiTypography-root MuiTypography-caption css-1sn4lm3-MuiTypography-root"
        >
          Wed
        </span>
        <h6
          class="MuiTypography-root MuiTypography-h6 css-2ulfj5-MuiTypography-root"
        >
          22
        </h6>
        <span
          class="MuiTouchRipple-root css-8je8zh-MuiTouchRipple-root"
        />
      </button>
    </a>
    <a
      href="/journal/2023-11-23"
      style="text-decoration: none; box-shadow: none; background-color: inherit;"
    >
      <button
        class="MuiButtonBase-root MuiButton-root MuiButton-contained MuiButton-containedPrimary MuiButton-sizeMedium MuiButton-containedSizeMedium MuiButton-root MuiButton-contained MuiButton-containedPrimary MuiButton-sizeMedium MuiButton-containedSizeMedium day-button inactive-day css-1qgflze-MuiButtonBase-root-MuiButton-root"
        tabindex="0"
        type="button"
      >
        <span
          class="MuiTypography-root MuiTypography-caption css-1sn4lm3-MuiTypography-root"
        >
          Thu
        </span>
        <h6
          class="MuiTypography-root MuiTypography-h6 css-2ulfj5-MuiTypography-root"
        >
          23
        </h6>
        <span
          class="MuiTouchRipple-root css-8je8zh-MuiTouchRipple-root"
        />
      </button>
    </a>
    <a
      href="/journal/2023-11-24"
      style="text-decoration: none; box-shadow: none; background-color: inherit;"
    >
      <button
        class="MuiButtonBase-root MuiButton-root MuiButton-contained MuiButton-containedPrimary MuiButton-sizeMedium MuiButton-containedSizeMedium MuiButton-root MuiButton-contained MuiButton-containedPrimary MuiButton-sizeMedium MuiButton-containedSizeMedium day-button inactive-day css-1qgflze-MuiButtonBase-root-MuiButton-root"
        tabindex="0"
        type="button"
      >
        <span
          class="MuiTypography-root MuiTypography-caption css-1sn4lm3-MuiTypography-root"
        >
          Fri
        </span>
        <h6
          class="MuiTypography-root MuiTypography-h6 css-2ulfj5-MuiTypography-root"
        >
          24
        </h6>
        <span
          class="MuiTouchRipple-root css-8je8zh-MuiTouchRipple-root"
        />
      </button>
    </a>
    <a
      href="/journal/2023-11-25"
      style="text-decoration: none; box-shadow: none; background-color: inherit;"
    >
      <button
        class="MuiButtonBase-root MuiButton-root MuiButton-contained MuiButton-containedPrimary MuiButton-sizeMedium MuiButton-containedSizeMedium MuiButton-root MuiButton-contained MuiButton-containedPrimary MuiButton-sizeMedium MuiButton-containedSizeMedium day-button inactive-day css-1qgflze-MuiButtonBase-root-MuiButton-root"
        tabindex="0"
        type="button"
      >
        <span
          class="MuiTypography-root MuiTypography-caption css-1sn4lm3-MuiTypography-root"
        >
          Sat
        </span>
        <h6
          class="MuiTypography-root MuiTypography-h6 css-2ulfj5-MuiTypography-root"
        >
          25
        </h6>
        <span
          class="MuiTouchRipple-root css-8je8zh-MuiTouchRipple-root"
        />
      </button>
    </a>
    <a
      href="/journal/2023-11-26"
      style="text-decoration: none; box-shadow: none; background-color: inherit;"
    >
      <button
        class="MuiButtonBase-root MuiButton-root MuiButton-contained MuiButton-containedPrimary MuiButton-sizeMedium MuiButton-containedSizeMedium MuiButton-root MuiButton-contained MuiButton-containedPrimary MuiButton-sizeMedium MuiButton-containedSizeMedium day-button inactive-day css-1qgflze-MuiButtonBase-root-MuiButton-root"
        tabindex="0"
        type="button"
      >
        <span
          class="MuiTypography-root MuiTypography-caption css-1sn4lm3-MuiTypography-root"
        >
          Sun
        </span>
        <h6
          class="MuiTypography-root MuiTypography-h6 css-2ulfj5-MuiTypography-root"
        >
          26
        </h6>
        <span
          class="MuiTouchRipple-root css-8je8zh-MuiTouchRipple-root"
        />
      </button>
    </a>
    <a
      href="/journal/2023-11-27"
      style="text-decoration: none; box-shadow: none; background-color: inherit;"
    >
      <button
        class="MuiButtonBase-root MuiButton-root MuiButton-contained MuiButton-containedPrimary MuiButton-sizeMedium MuiButton-containedSizeMedium MuiButton-root MuiButton-contained MuiButton-containedPrimary MuiButton-sizeMedium MuiButton-containedSizeMedium day-button inactive-day css-1qgflze-MuiButtonBase-root-MuiButton-root"
        tabindex="0"
        type="button"
      >
        <span
          class="MuiTypography-root MuiTypography-caption css-1sn4lm3-MuiTypography-root"
        >
          Mon
        </span>
        <h6
          class="MuiTypography-root MuiTypography-h6 css-2ulfj5-MuiTypography-root"
        >
          27
        </h6>
        <span
          class="MuiTouchRipple-root css-8je8zh-MuiTouchRipple-root"
        />
      </button>
    </a>
    <a
      href="/journal/2023-11-28"
      style="text-decoration: none; box-shadow: none; background-color: inherit;"
    >
      <button
        class="MuiButtonBase-root MuiButton-root MuiButton-contained MuiButton-containedPrimary MuiButton-sizeMedium MuiButton-containedSizeMedium MuiButton-root MuiButton-contained MuiButton-containedPrimary MuiButton-sizeMedium MuiButton-containedSizeMedium day-button inactive-day css-1qgflze-MuiButtonBase-root-MuiButton-root"
        tabindex="0"
        type="button"
      >
        <span
          class="MuiTypography-root MuiTypography-caption css-1sn4lm3-MuiTypography-root"
        >
          Tue
        </span>
        <h6
          class="MuiTypography-root MuiTypography-h6 css-2ulfj5-MuiTypography-root"
        >
          28
        </h6>
        <span
          class="MuiTouchRipple-root css-8je8zh-MuiTouchRipple-root"
        />
      </button>
    </a>
    <a
      href="/journal/2023-11-29"
      style="text-decoration: none; box-shadow: none; background-color: inherit;"
    >
      <button
        class="MuiButtonBase-root MuiButton-root MuiButton-contained MuiButton-containedPrimary MuiButton-sizeMedium MuiButton-containedSizeMedium MuiButton-root MuiButton-contained MuiButton-containedPrimary MuiButton-sizeMedium MuiButton-containedSizeMedium day-button inactive-day css-1qgflze-MuiButtonBase-root-MuiButton-root"
        tabindex="0"
        type="button"
      >
        <span
          class="MuiTypography-root MuiTypography-caption css-1sn4lm3-MuiTypography-root"
        >
          Wed
        </span>
        <h6
          class="MuiTypography-root MuiTypography-h6 css-2ulfj5-MuiTypography-root"
        >
          29
        </h6>
        <span
          class="MuiTouchRipple-root css-8je8zh-MuiTouchRipple-root"
        />
      </button>
    </a>
    <a
      href="/journal/2023-11-30"
      style="text-decoration: none; box-shadow: none; background-color: inherit;"
    >
      <button
        class="MuiButtonBase-root MuiButton-root MuiButton-contained MuiButton-containedPrimary MuiButton-sizeMedium MuiButton-containedSizeMedium MuiButton-root MuiButton-contained MuiButton-containedPrimary MuiButton-sizeMedium MuiButton-containedSizeMedium day-button inactive-day css-1qgflze-MuiButtonBase-root-MuiButton-root"
        tabindex="0"
        type="button"
      >
        <span
          class="MuiTypography-root MuiTypography-caption css-1sn4lm3-MuiTypography-root"
        >
          Thu
        </span>
        <h6
          class="MuiTypography-root MuiTypography-h6 css-2ulfj5-MuiTypography-root"
        >
          30
        </h6>
        <span
          class="MuiTouchRipple-root css-8je8zh-MuiTouchRipple-root"
        />
      </button>
    </a>
    <a
      href="/journal/2023-12-01"
      style="text-decoration: none; box-shadow: none; background-color: inherit;"
    >
      <button
        class="MuiButtonBase-root MuiButton-root MuiButton-contained MuiButton-containedPrimary MuiButton-sizeMedium MuiButton-containedSizeMedium MuiButton-root MuiButton-contained MuiButton-containedPrimary MuiButton-sizeMedium MuiButton-containedSizeMedium day-button inactive-day css-1qgflze-MuiButtonBase-root-MuiButton-root"
        tabindex="0"
        type="button"
      >
        <span
          class="MuiTypography-root MuiTypography-caption css-1sn4lm3-MuiTypography-root"
        >
          Fri
        </span>
        <h6
          class="MuiTypography-root MuiTypography-h6 css-2ulfj5-MuiTypography-root"
        >
          01
        </h6>
        <span
          class="MuiTouchRipple-root css-8je8zh-MuiTouchRipple-root"
        />
      </button>
    </a>
    <a
      href="/journal/2023-12-02"
      style="text-decoration: none; box-shadow: none; background-color: inherit;"
    >
      <button
        class="MuiButtonBase-root MuiButton-root MuiButton-contained MuiButton-containedPrimary MuiButton-sizeMedium MuiButton-containedSizeMedium MuiButton-root MuiButton-contained MuiButton-containedPrimary MuiButton-sizeMedium MuiButton-containedSizeMedium day-button inactive-day css-1qgflze-MuiButtonBase-root-MuiButton-root"
        tabindex="0"
        type="button"
      >
        <span
          class="MuiTypography-root MuiTypography-caption css-1sn4lm3-MuiTypography-root"
        >
          Sat
        </span>
        <h6
          class="MuiTypography-root MuiTypography-h6 css-2ulfj5-MuiTypography-root"
        >
          02
        </h6>
        <span
          class="MuiTouchRipple-root css-8je8zh-MuiTouchRipple-root"
        />
      </button>
    </a>
    <a
      href="/journal/2023-12-03"
      style="text-decoration: none; box-shadow: none; background-color: inherit;"
    >
      <button
        class="MuiButtonBase-root MuiButton-root MuiButton-contained MuiButton-containedPrimary MuiButton-sizeMedium MuiButton-containedSizeMedium MuiButton-root MuiButton-contained MuiButton-containedPrimary MuiButton-sizeMedium MuiButton-containedSizeMedium day-button inactive-day css-1qgflze-MuiButtonBase-root-MuiButton-root"
        tabindex="0"
        type="button"
      >
        <span
          class="MuiTypography-root MuiTypography-caption css-1sn4lm3-MuiTypography-root"
        >
          Sun
        </span>
        <h6
          class="MuiTypography-root MuiTypography-h6 css-2ulfj5-MuiTypography-root"
        >
          03
        </h6>
        <span
          class="MuiTouchRipple-root css-8je8zh-MuiTouchRipple-root"
        />
      </button>
    </a>
    <a
      href="/journal/2023-12-04"
      style="text-decoration: none; box-shadow: none; background-color: inherit;"
    >
      <button
        class="MuiButtonBase-root MuiButton-root MuiButton-contained MuiButton-containedPrimary MuiButton-sizeMedium MuiButton-containedSizeMedium MuiButton-root MuiButton-contained MuiButton-containedPrimary MuiButton-sizeMedium MuiButton-containedSizeMedium day-button inactive-day css-1qgflze-MuiButtonBase-root-MuiButton-root"
        tabindex="0"
        type="button"
      >
        <span
          class="MuiTypography-root MuiTypography-caption css-1sn4lm3-MuiTypography-root"
        >
          Mon
        </span>
        <h6
          class="MuiTypography-root MuiTypography-h6 css-2ulfj5-MuiTypography-root"
        >
          04
        </h6>
        <span
          class="MuiTouchRipple-root css-8je8zh-MuiTouchRipple-root"
        />
      </button>
    </a>
    <a
      href="/journal/2023-12-05"
      style="text-decoration: none; box-shadow: none; background-color: inherit;"
    >
      <button
        class="MuiButtonBase-root MuiButton-root MuiButton-contained MuiButton-containedPrimary MuiButton-sizeMedium MuiButton-containedSizeMedium MuiButton-root MuiButton-contained MuiButton-containedPrimary MuiButton-sizeMedium MuiButton-containedSizeMedium day-button inactive-day css-1qgflze-MuiButtonBase-root-MuiButton-root"
        tabindex="0"
        type="button"
      >
        <span
          class="MuiTypography-root MuiTypography-caption css-1sn4lm3-MuiTypography-root"
        >
          Tue
        </span>
        <h6
          class="MuiTypography-root MuiTypography-h6 css-2ulfj5-MuiTypography-root"
        >
          05
        </h6>
        <span
          class="MuiTouchRipple-root css-8je8zh-MuiTouchRipple-root"
        />
      </button>
    </a>
    <a
      href="/journal/2023-12-06"
      style="text-decoration: none; box-shadow: none; background-color: inherit;"
    >
      <button
        class="MuiButtonBase-root MuiButton-root MuiButton-contained MuiButton-containedPrimary MuiButton-sizeMedium MuiButton-containedSizeMedium MuiButton-root MuiButton-contained MuiButton-containedPrimary MuiButton-sizeMedium MuiButton-containedSizeMedium day-button inactive-day css-1qgflze-MuiButtonBase-root-MuiButton-root"
        tabindex="0"
        type="button"
      >
        <span
          class="MuiTypography-root MuiTypography-caption css-1sn4lm3-MuiTypography-root"
        >
          Wed
        </span>
        <h6
          class="MuiTypography-root MuiTypography-h6 css-2ulfj5-MuiTypography-root"
        >
          06
        </h6>
        <span
          class="MuiTouchRipple-root css-8je8zh-MuiTouchRipple-root"
        />
      </button>
    </a>
    <a
      href="/journal/2023-12-07"
      style="text-decoration: none; box-shadow: none; background-color: inherit;"
    >
      <button
        class="MuiButtonBase-root MuiButton-root MuiButton-contained MuiButton-containedPrimary MuiButton-sizeMedium MuiButton-containedSizeMedium MuiButton-root MuiButton-contained MuiButton-containedPrimary MuiButton-sizeMedium MuiButton-containedSizeMedium day-button inactive-day css-1qgflze-MuiButtonBase-root-MuiButton-root"
        tabindex="0"
        type="button"
      >
        <span
          class="MuiTypography-root MuiTypography-caption css-1sn4lm3-MuiTypography-root"
        >
          Thu
        </span>
        <h6
          class="MuiTypography-root MuiTypography-h6 css-2ulfj5-MuiTypography-root"
        >
          07
        </h6>
        <span
          class="MuiTouchRipple-root css-8je8zh-MuiTouchRipple-root"
        />
      </button>
    </a>
    <a
      href="/journal/2023-12-08"
      style="text-decoration: none; box-shadow: 0px 0px 5px 0px rgba(10, 7, 4, 0.5); background-color: rgb(154, 147, 149);"
    >
      <button
        class="MuiButtonBase-root MuiButton-root MuiButton-contained MuiButton-containedPrimary MuiButton-sizeMedium MuiButton-containedSizeMedium MuiButton-root MuiButton-contained MuiButton-containedPrimary MuiButton-sizeMedium MuiButton-containedSizeMedium day-button current-day css-eoyctj-MuiButtonBase-root-MuiButton-root"
        tabindex="0"
        type="button"
      >
        <span
          class="MuiTypography-root MuiTypography-caption css-1sn4lm3-MuiTypography-root"
        >
          Fri
        </span>
        <h6
          class="MuiTypography-root MuiTypography-h6 css-2ulfj5-MuiTypography-root"
        >
          08
        </h6>
        <span
          class="MuiTouchRipple-root css-8je8zh-MuiTouchRipple-root"
        />
      </button>
    </a>
  </div>
</DocumentFragment>
`;
