// Jest Snapshot v1, https://goo.gl/fbAQLP

exports[`StreakSlider matches snapshot 1`] = `
<DocumentFragment>
  <div
    class="StreakSlider"
  >
    <h2>
       Streak 
    </h2>
    <div
      class="slick-slider slick-initialized"
      dir="ltr"
    >
      <button
        class="slick-arrow slick-prev slick-disabled"
        data-role="none"
        style="display: block;"
        type="button"
      >
         Previous
      </button>
      <div
        class="slick-list"
      >
        <div
          class="slick-track"
          style="opacity: 1; transform: translate3d(0px, 0px, 0px);"
        >
          <div
            aria-hidden="false"
            class="slick-slide slick-active slick-current"
            data-index="0"
            style="outline: none; width: 0px;"
            tabindex="-1"
          >
            <div>
              <a
                class="DayBlock"
                href="/journal/2023-08-15"
              >
                <p>
                  Tue
                </p>
                <p>
                  15
                </p>
              </a>
            </div>
          </div>
          <div
            aria-hidden="false"
            class="slick-slide slick-active"
            data-index="1"
            style="outline: none; width: 0px;"
            tabindex="-1"
          >
            <div>
              <a
                class="DayBlock"
                href="/journal/2023-08-16"
              >
                <p>
                  Wed
                </p>
                <p>
                  16
                </p>
              </a>
            </div>
          </div>
          <div
            aria-hidden="false"
            class="slick-slide slick-active"
            data-index="2"
            style="outline: none; width: 0px;"
            tabindex="-1"
          >
            <div>
              <a
                class="DayBlock"
                href="/journal/2023-08-17"
              >
                <p>
                  Thu
                </p>
                <p>
                  17
                </p>
              </a>
            </div>
          </div>
          <div
            aria-hidden="false"
            class="slick-slide slick-active"
            data-index="3"
            style="outline: none; width: 0px;"
            tabindex="-1"
          >
            <div>
              <a
                class="DayBlock"
                href="/journal/2023-08-18"
              >
                <p>
                  Fri
                </p>
                <p>
                  18
                </p>
              </a>
            </div>
          </div>
          <div
            aria-hidden="false"
            class="slick-slide slick-active"
            data-index="4"
            style="outline: none; width: 0px;"
            tabindex="-1"
          >
            <div>
              <a
                class="DayBlock"
                href="/journal/2023-08-19"
              >
                <p>
                  Sat
                </p>
                <p>
                  19
                </p>
              </a>
            </div>
          </div>
          <div
            aria-hidden="false"
            class="slick-slide slick-active"
            data-index="5"
            style="outline: none; width: 0px;"
            tabindex="-1"
          >
            <div>
              <a
                class="DayBlock"
                href="/journal/2023-08-20"
              >
                <p>
                  Sun
                </p>
                <p>
                  20
                </p>
              </a>
            </div>
          </div>
          <div
            aria-hidden="false"
            class="slick-slide slick-active"
            data-index="6"
            style="outline: none; width: 0px;"
            tabindex="-1"
          >
            <div>
              <a
                class="DayBlock"
                href="/journal/2023-08-21"
              >
                <p>
                  Mon
                </p>
                <p>
                  21
                </p>
              </a>
            </div>
          </div>
          <div
            aria-hidden="true"
            class="slick-slide"
            data-index="7"
            style="outline: none; width: 0px;"
            tabindex="-1"
          >
            <div>
              <a
                class="DayBlock"
                href="/journal/2023-08-22"
              >
                <p>
                  Tue
                </p>
                <p>
                  22
                </p>
              </a>
            </div>
          </div>
          <div
            aria-hidden="true"
            class="slick-slide"
            data-index="8"
            style="outline: none; width: 0px;"
            tabindex="-1"
          >
            <div>
              <a
                class="DayBlock"
                href="/journal/2023-08-23"
              >
                <p>
                  Wed
                </p>
                <p>
                  23
                </p>
              </a>
            </div>
          </div>
          <div
            aria-hidden="true"
            class="slick-slide"
            data-index="9"
            style="outline: none; width: 0px;"
            tabindex="-1"
          >
            <div>
              <a
                class="DayBlock"
                href="/journal/2023-08-24"
              >
                <p>
                  Thu
                </p>
                <p>
                  24
                </p>
              </a>
            </div>
          </div>
          <div
            aria-hidden="true"
            class="slick-slide"
            data-index="10"
            style="outline: none; width: 0px;"
            tabindex="-1"
          >
            <div>
              <a
                class="DayBlock"
                href="/journal/2023-08-25"
              >
                <p>
                  Fri
                </p>
                <p>
                  25
                </p>
              </a>
            </div>
          </div>
          <div
            aria-hidden="true"
            class="slick-slide"
            data-index="11"
            style="outline: none; width: 0px;"
            tabindex="-1"
          >
            <div>
              <a
                class="DayBlock"
                href="/journal/2023-08-26"
              >
                <p>
                  Sat
                </p>
                <p>
                  26
                </p>
              </a>
            </div>
          </div>
          <div
            aria-hidden="true"
            class="slick-slide"
            data-index="12"
            style="outline: none; width: 0px;"
            tabindex="-1"
          >
            <div>
              <a
                class="DayBlock"
                href="/journal/2023-08-27"
              >
                <p>
                  Sun
                </p>
                <p>
                  27
                </p>
              </a>
            </div>
          </div>
          <div
            aria-hidden="true"
            class="slick-slide"
            data-index="13"
            style="outline: none; width: 0px;"
            tabindex="-1"
          >
            <div>
              <a
                class="DayBlock"
                href="/journal/2023-08-28"
              >
                <p>
                  Mon
                </p>
                <p>
                  28
                </p>
              </a>
            </div>
          </div>
          <div
            aria-hidden="true"
            class="slick-slide"
            data-index="14"
            style="outline: none; width: 0px;"
            tabindex="-1"
          >
            <div>
              <a
                class="DayBlock"
                href="/journal/2023-08-29"
              >
                <p>
                  Tue
                </p>
                <p>
                  29
                </p>
              </a>
            </div>
          </div>
          <div
            aria-hidden="true"
            class="slick-slide"
            data-index="15"
            style="outline: none; width: 0px;"
            tabindex="-1"
          >
            <div>
              <a
                class="DayBlock"
                href="/journal/2023-08-30"
              >
                <p>
                  Wed
                </p>
                <p>
                  30
                </p>
              </a>
            </div>
          </div>
          <div
            aria-hidden="true"
            class="slick-slide"
            data-index="16"
            style="outline: none; width: 0px;"
            tabindex="-1"
          >
            <div>
              <a
                class="DayBlock"
                href="/journal/2023-08-31"
              >
                <p>
                  Thu
                </p>
                <p>
                  31
                </p>
              </a>
            </div>
          </div>
          <div
            aria-hidden="true"
            class="slick-slide"
            data-index="17"
            style="outline: none; width: 0px;"
            tabindex="-1"
          >
            <div>
              <a
                class="DayBlock"
                href="/journal/2023-09-01"
              >
                <p>
                  Fri
                </p>
                <p>
                  01
                </p>
              </a>
            </div>
          </div>
          <div
            aria-hidden="true"
            class="slick-slide"
            data-index="18"
            style="outline: none; width: 0px;"
            tabindex="-1"
          >
            <div>
              <a
                class="DayBlock"
                href="/journal/2023-09-02"
              >
                <p>
                  Sat
                </p>
                <p>
                  02
                </p>
              </a>
            </div>
          </div>
          <div
            aria-hidden="true"
            class="slick-slide"
            data-index="19"
            style="outline: none; width: 0px;"
            tabindex="-1"
          >
            <div>
              <a
                class="DayBlock"
                href="/journal/2023-09-03"
              >
                <p>
                  Sun
                </p>
                <p>
                  03
                </p>
              </a>
            </div>
          </div>
          <div
            aria-hidden="true"
            class="slick-slide"
            data-index="20"
            style="outline: none; width: 0px;"
            tabindex="-1"
          >
            <div>
              <a
                class="DayBlock"
                href="/journal/2023-09-04"
              >
                <p>
                  Mon
                </p>
                <p>
                  04
                </p>
              </a>
            </div>
          </div>
          <div
            aria-hidden="true"
            class="slick-slide"
            data-index="21"
            style="outline: none; width: 0px;"
            tabindex="-1"
          >
            <div>
              <a
                class="DayBlock"
                href="/journal/2023-09-05"
              >
                <p>
                  Tue
                </p>
                <p>
                  05
                </p>
              </a>
            </div>
          </div>
          <div
            aria-hidden="true"
            class="slick-slide"
            data-index="22"
            style="outline: none; width: 0px;"
            tabindex="-1"
          >
            <div>
              <a
                class="DayBlock"
                href="/journal/2023-09-06"
              >
                <p>
                  Wed
                </p>
                <p>
                  06
                </p>
              </a>
            </div>
          </div>
          <div
            aria-hidden="true"
            class="slick-slide"
            data-index="23"
            style="outline: none; width: 0px;"
            tabindex="-1"
          >
            <div>
              <a
                class="DayBlock"
                href="/journal/2023-09-07"
              >
                <p>
                  Thu
                </p>
                <p>
                  07
                </p>
              </a>
            </div>
          </div>
          <div
            aria-hidden="true"
            class="slick-slide"
            data-index="24"
            style="outline: none; width: 0px;"
            tabindex="-1"
          >
            <div>
              <a
                class="DayBlock"
                href="/journal/2023-09-08"
              >
                <p>
                  Fri
                </p>
                <p>
                  08
                </p>
              </a>
            </div>
          </div>
          <div
            aria-hidden="true"
            class="slick-slide"
            data-index="25"
            style="outline: none; width: 0px;"
            tabindex="-1"
          >
            <div>
              <a
                class="DayBlock"
                href="/journal/2023-09-09"
              >
                <p>
                  Sat
                </p>
                <p>
                  09
                </p>
              </a>
            </div>
          </div>
          <div
            aria-hidden="true"
            class="slick-slide"
            data-index="26"
            style="outline: none; width: 0px;"
            tabindex="-1"
          >
            <div>
              <a
                class="DayBlock"
                href="/journal/2023-09-10"
              >
                <p>
                  Sun
                </p>
                <p>
                  10
                </p>
              </a>
            </div>
          </div>
          <div
            aria-hidden="true"
            class="slick-slide"
            data-index="27"
            style="outline: none; width: 0px;"
            tabindex="-1"
          >
            <div>
              <a
                class="DayBlock"
                href="/journal/2023-09-11"
              >
                <p>
                  Mon
                </p>
                <p>
                  11
                </p>
              </a>
            </div>
          </div>
          <div
            aria-hidden="true"
            class="slick-slide"
            data-index="28"
            style="outline: none; width: 0px;"
            tabindex="-1"
          >
            <div>
              <a
                class="DayBlock"
                href="/journal/2023-09-12"
              >
                <p>
                  Tue
                </p>
                <p>
                  12
                </p>
              </a>
            </div>
          </div>
          <div
            aria-hidden="true"
            class="slick-slide"
            data-index="29"
            style="outline: none; width: 0px;"
            tabindex="-1"
          >
            <div>
              <a
                class="DayBlock"
                href="/journal/2023-09-13"
              >
                <p>
                  Wed
                </p>
                <p>
                  13
                </p>
              </a>
            </div>
          </div>
          <div
            aria-hidden="true"
            class="slick-slide"
            data-index="30"
            style="outline: none; width: 0px;"
            tabindex="-1"
          >
            <div>
              <a
                class="DayBlock"
                href="/journal/2023-09-14"
              >
                <p>
                  Thu
                </p>
                <p>
                  14
                </p>
              </a>
            </div>
          </div>
        </div>
      </div>
      <button
        class="slick-arrow slick-next"
        data-role="none"
        style="display: block;"
        type="button"
      >
         Next
      </button>
      <ul
        class="slick-dots"
        style="display: block;"
      >
        <li
          class="slick-active"
        >
          <button>
            1
          </button>
        </li>
        <li
          class=""
        >
          <button>
            2
          </button>
        </li>
        <li
          class=""
        >
          <button>
            3
          </button>
        </li>
        <li
          class=""
        >
          <button>
            4
          </button>
        </li>
        <li
          class=""
        >
          <button>
            5
          </button>
        </li>
        <li
          class=""
        >
          <button>
            6
          </button>
        </li>
        <li
          class=""
        >
          <button>
            7
          </button>
        </li>
        <li
          class=""
        >
          <button>
            8
          </button>
        </li>
        <li
          class=""
        >
          <button>
            9
          </button>
        </li>
      </ul>
    </div>
  </div>
</DocumentFragment>
`;
