// Jest Snapshot v1, https://goo.gl/fbAQLP

exports[`App matches snapshot 1`] = `
<DocumentFragment>
  <div
    class="App"
  >
    <nav
      class="nav"
    >
      <a
        aria-current="page"
        class="active"
        href="/"
      >
        Inkling
      </a>
      <a
        class=""
        href="/journal"
      >
        Journal
      </a>
      <a
        class=""
        href="/login"
      >
        Login
      </a>
      <a
        class=""
        href="/signup"
      >
        Sign Up
      </a>
    </nav>
    <div
      class="container"
    >
      <p>
        User: no user
      </p>
      <h1
        class="mt-5"
      >
        Inkling
      </h1>
      <p
        class="lead"
      >
        A cool slogan here
      </p>
      <div
        class="d-flex justify-content-center"
      >
        <a
          class="mr-3 btn btn-primary"
          href="/signup"
        >
          Sign Up
        </a>
        <a
          class="btn btn-secondary"
          href="/login"
        >
          Log In
        </a>
      </div>
    </div>
  </div>
</DocumentFragment>
`;
