// Jest Snapshot v1, https://goo.gl/fbAQLP

exports[`Journal matches snapshot when rendered correctly 1`] = `
<DocumentFragment>
  <div>
    <header>
      <p>
        2023-07-24
      </p>
      <form
        class=""
      >
        <div
          class="mb-3"
        >
          <label
            class="form-label"
            for="title"
          >
            Title
          </label>
          <input
            class="form-control"
            id="title"
            name="title"
            placeholder="title"
            type="text"
            value="Baking adventure"
          />
        </div>
      </form>
    </header>
    <form
      class=""
    >
      <div
        class="mb-3"
      >
        <label
          class="form-label"
          for="entry"
        >
          Journal Entry
        </label>
        <textarea
          class="form-control"
          id="entry"
          name="entry"
          placeholder="Start your entry here..."
        >
          Yesterday I tried baking for the first time like I've always wanted to. It was a complete disaster, but at least it was fun.
        </textarea>
      </div>
      <button
        class="btn btn-success"
        type="submit"
      >
        Submit
      </button>
    </form>
  </div>
</DocumentFragment>
`;

exports[`Journal matches snapshot when rendered without props 1`] = `
<DocumentFragment>
  <div
    class="alert alert-danger fade"
    role="alert"
  >
    Required info is missing
  </div>
</DocumentFragment>
`;
