// Jest Snapshot v1, https://goo.gl/fbAQLP

exports[`SignupForm matches snapshot 1`] = `
<DocumentFragment>
  <form
    class=""
  >
    <div
      class="mb-3"
    >
      <label
        class="form-label"
        for="firstName"
      >
        First Name
      </label>
      <input
        aria-invalid="false"
        class="form-control"
        id="firstName"
        name="firstName"
        placeholder="Enter your first name"
        type="text"
        value=""
      />
    </div>
    <div
      class="mb-3"
    >
      <label
        class="form-label"
        for="lastName"
      >
        Last Name
      </label>
      <input
        aria-invalid="false"
        class="form-control"
        id="lastName"
        name="lastName"
        placeholder="Enter your last name"
        type="text"
        value=""
      />
    </div>
    <div
      class="mb-3"
    >
      <label
        class="form-label"
        for="email"
      >
        Email
      </label>
      <input
        aria-invalid="false"
        autocomplete="email"
        class="form-control"
        id="email"
        name="email"
        placeholder="Enter your email"
        type="email"
        value=""
      />
    </div>
    <div
      class="mb-3"
    >
      <label
        class="form-label"
        for="password"
      >
        Password
      </label>
      <input
        aria-invalid="false"
        autocomplete="current-password"
        class="form-control"
        id="password"
        name="password"
        placeholder="Enter a password, at least 8 characters"
        type="password"
        value=""
      />
    </div>
    <div
      class="mb-3"
    >
      <label
        class="form-label"
        for="interests"
      >
        Interests
      </label>
      <p>
        Please select one to three interests
      </p>
      <div>
        <input
          class="form-check-input"
          id="interest1"
          name="interests"
          type="checkbox"
          value="interest1"
        />
        <label
          class="ml-2 form-label"
          for="interest1"
        >
          Interest 1
        </label>
      </div>
      <div>
        <input
          class="form-check-input"
          id="interest2"
          name="interests"
          type="checkbox"
          value="interest2"
        />
        <label
          class="ml-2 form-label"
          for="interest2"
        >
          Interest 2
        </label>
      </div>
      <div>
        <input
          class="form-check-input"
          id="interest3"
          name="interests"
          type="checkbox"
          value="interest3"
        />
        <label
          class="ml-2 form-label"
          for="interest3"
        >
          Interest 3
        </label>
      </div>
    </div>
    <button
      class="btn btn-secondary"
      type="submit"
    >
      Submit
    </button>
    <a
      class="btn btn-secondary"
      href="/"
      type="button"
    >
      Back
    </a>
  </form>
</DocumentFragment>
`;
