// Jest Snapshot v1, https://goo.gl/fbAQLP

exports[`SignupForm matches snapshot 1`] = `
<DocumentFragment>
  <form
    class=""
  >
    <div
      class="mb-3"
    >
      <label
        class="form-label"
        for="firstName"
      >
        First Name
      </label>
      <input
        class="form-control"
        id="firstName"
        name="firstName"
        placeholder="Enter your first name"
        required=""
        type="text"
        value=""
      />
    </div>
    <div
      class="mb-3"
    >
      <label
        class="form-label"
        for="lastName"
      >
        Last Name
      </label>
      <input
        class="form-control"
        id="lastName"
        name="lastName"
        placeholder="Enter your last name"
        required=""
        type="text"
        value=""
      />
    </div>
    <div
      class="mb-3"
    >
      <label
        class="form-label"
        for="email"
      >
        Email
      </label>
      <input
        autocomplete="email"
        class="form-control"
        id="email"
        name="email"
        placeholder="Enter your email"
        required=""
        type="email"
        value=""
      />
    </div>
    <div
      class="mb-3"
    >
      <label
        class="form-label"
        for="password"
      >
        Password
      </label>
      <input
        autocomplete="current-password"
        class="form-control"
        id="password"
        name="password"
        placeholder="Enter a password, at least 8 characters"
        required=""
        type="password"
        value=""
      />
    </div>
    <button
      class="btn btn-secondary"
      type="submit"
    >
      Submit
    </button>
    <a
      class="btn btn-secondary"
      href="/"
      type="button"
    >
      Back
    </a>
  </form>
</DocumentFragment>
`;
