// Jest Snapshot v1, https://goo.gl/fbAQLP

exports[`Router matches snapshot 1`] = `
<DocumentFragment>
  <nav
    class="nav"
  >
    <a
      aria-current="page"
      class="active"
      href="/"
    >
      Inkling
    </a>
    <a
      class=""
      href="/journal"
    >
      Journal
    </a>
    <a
      class=""
      href="/profile"
    >
      Testfirst
    </a>
    <button
      class="link-button"
    >
      Log Out
    </button>
  </nav>
  <div
    class="MuiBox-root css-ilk07l"
  >
    <h2
      class="MuiTypography-root MuiTypography-h2 MuiTypography-gutterBottom css-i1hrn3-MuiTypography-root"
    >
      Inkling
    </h2>
    <h5
      class="MuiTypography-root MuiTypography-h5 css-ag7rrr-MuiTypography-root"
    >
      A cool slogan here
    </h5>
    <div
      class="MuiBox-root css-zvn4vt"
    >
      <a
        class="MuiButtonBase-root MuiButton-root MuiButton-contained MuiButton-containedPrimary MuiButton-sizeMedium MuiButton-containedSizeMedium MuiButton-root MuiButton-contained MuiButton-containedPrimary MuiButton-sizeMedium MuiButton-containedSizeMedium css-sghohy-MuiButtonBase-root-MuiButton-root"
        href="/signup"
        tabindex="0"
      >
        Sign Up
        <span
          class="MuiTouchRipple-root css-8je8zh-MuiTouchRipple-root"
        />
      </a>
      <a
        class="MuiButtonBase-root MuiButton-root MuiButton-outlined MuiButton-outlinedSecondary MuiButton-sizeMedium MuiButton-outlinedSizeMedium MuiButton-root MuiButton-outlined MuiButton-outlinedSecondary MuiButton-sizeMedium MuiButton-outlinedSizeMedium css-1l9sosn-MuiButtonBase-root-MuiButton-root"
        href="/login"
        tabindex="0"
      >
        Log In
        <span
          class="MuiTouchRipple-root css-8je8zh-MuiTouchRipple-root"
        />
      </a>
    </div>
  </div>
</DocumentFragment>
`;
