// Jest Snapshot v1, https://goo.gl/fbAQLP

exports[`Feedback matches snapshot 1`] = `
<DocumentFragment>
  <div
    class="MuiBox-root css-4uctwb"
  >
    <h4
      class="MuiTypography-root MuiTypography-h4 MuiTypography-gutterBottom css-1vw6mcs-MuiTypography-root"
    >
      Feedback
    </h4>
    <h6
      class="MuiTypography-root MuiTypography-subtitle2 css-1d0he37-MuiTypography-root"
    >
      Well Done! This is an example Feedback.
    </h6>
  </div>
</DocumentFragment>
`;

exports[`Feedback matches snapshot when rendered without props 1`] = `<DocumentFragment />`;
